// Jest Snapshot v1, https://goo.gl/fbAQLP

exports[`UserDropDownService getAge: should return correct age 1`] = `19`;

exports[`UserDropDownService getDropDownUser: Should return User with correct age 1`] = `
Object {
  "age": 21,
  "dateNextNotification": "2018/10/23",
  "dateOfBirth": "1997/10/23",
  "dateOfFirstLogin": "2017/10/23",
  "id": 0,
  "information": "Best of the Best",
  "name": "Andrei",
  "password": "drogba",
  "role": "ADMIN",
}
`;
