// Jest Snapshot v1, https://goo.gl/fbAQLP

exports[`UserListToggleComponent should create 1`] = `
<div
  id="root0"
  ng-version="7.0.3"
>
  <div
    class="userListToggleContainer"
  >
    <div
      class="card-header"
    >
      <span>
        <div>
          <app-user-item>
            <div
              class="item"
            >
              <div
                class="leftSideInfo"
              >
                <span>
                  
                </span>
                <br />
                <span>
                  
                </span>
                <br />
                <span>
                  
                </span>
              </div>
              <div
                class="rightSideInfo"
              >
                <span>
                  
                </span>
              </div>
            </div>
          </app-user-item>
        </div>
        <div>
          <app-user-list-toogle-button>
            <div
              class="btn btn-secondary dropdown-toggle"
            />
          </app-user-list-toogle-button>
        </div>
      </span>
    </div>
  </div>
</div>
`;
